  Determining projects to restore...
  All projects are up-to-date for restore.
  CustomerManagement.Domain -> C:\CustomerManagement\backend\src\CustomerManagement.Domain\bin\Debug\net8.0\CustomerManagement.Domain.dll
  CustomerManagement.Application -> C:\CustomerManagement\backend\src\CustomerManagement.Application\bin\Debug\net8.0\CustomerManagement.Application.dll
  CustomerManagement.Infrastructure -> C:\CustomerManagement\backend\src\CustomerManagement.Infrastructure\bin\Debug\net8.0\CustomerManagement.Infrastructure.dll
  CustomerManagement.API -> C:\CustomerManagement\backend\src\CustomerManagement.API\bin\Debug\net8.0\CustomerManagement.API.dll
C:\CustomerManagement\backend\tests\CustomerManagement.Tests\Application\Commands\DeleteCustomerHandlerTests.cs(20,24): error CS7036: There is no argument given that corresponds to the required parameter 'cache' of 'DeleteCustomerHandler.DeleteCustomerHandler(ICustomerRepository, IDistributedCache)' [C:\CustomerManagement\backend\tests\CustomerManagement.Tests\CustomerManagement.Tests.csproj]
C:\CustomerManagement\backend\tests\CustomerManagement.Tests\Application\Commands\CreateCustomerHandlerTests.cs(20,24): error CS7036: There is no argument given that corresponds to the required parameter 'cache' of 'CreateCustomerHandler.CreateCustomerHandler(ICustomerRepository, IDistributedCache, IValidator<CreateCustomerCommand>)' [C:\CustomerManagement\backend\tests\CustomerManagement.Tests\CustomerManagement.Tests.csproj]
C:\CustomerManagement\backend\tests\CustomerManagement.Tests\Application\Commands\AddContactHandlerTests.cs(22,24): error CS7036: There is no argument given that corresponds to the required parameter 'cache' of 'AddContactHandler.AddContactHandler(IContactRepository, ICustomerRepository, IDistributedCache, IValidator<AddContactCommand>)' [C:\CustomerManagement\backend\tests\CustomerManagement.Tests\CustomerManagement.Tests.csproj]
C:\CustomerManagement\backend\tests\CustomerManagement.Tests\API\AuthControllerTests.cs(31,27): error CS7036: There is no argument given that corresponds to the required parameter 'logger' of 'AuthController.AuthController(JwtTokenService, UserService, ILogger<AuthController>)' [C:\CustomerManagement\backend\tests\CustomerManagement.Tests\CustomerManagement.Tests.csproj]
C:\CustomerManagement\backend\tests\CustomerManagement.Tests\Domain\CustomerEntityTests.cs(17,29): error CS0117: 'CustomerSegment' does not contain a definition for 'Corporate' [C:\CustomerManagement\backend\tests\CustomerManagement.Tests\CustomerManagement.Tests.csproj]
C:\CustomerManagement\backend\tests\CustomerManagement.Tests\Domain\CustomerEntityTests.cs(18,36): error CS0117: 'CustomerClassification' does not contain a definition for 'Gold' [C:\CustomerManagement\backend\tests\CustomerManagement.Tests\CustomerManagement.Tests.csproj]
C:\CustomerManagement\backend\tests\CustomerManagement.Tests\Domain\CustomerEntityTests.cs(21,18): error CS1061: 'Customer' does not contain a definition for 'FirstName' and no accessible extension method 'FirstName' accepting a first argument of type 'Customer' could be found (are you missing a using directive or an assembly reference?) [C:\CustomerManagement\backend\tests\CustomerManagement.Tests\CustomerManagement.Tests.csproj]
C:\CustomerManagement\backend\tests\CustomerManagement.Tests\Domain\CustomerTests.cs(16,26): error CS0117: 'CustomerType' does not contain a definition for 'Corporate' [C:\CustomerManagement\backend\tests\CustomerManagement.Tests\CustomerManagement.Tests.csproj]
C:\CustomerManagement\backend\tests\CustomerManagement.Tests\Application\Queries\GetAllCustomersHandlerTests.cs(29,33): error CS0117: 'CustomerSegment' does not contain a definition for 'Corporate' [C:\CustomerManagement\backend\tests\CustomerManagement.Tests\CustomerManagement.Tests.csproj]
C:\CustomerManagement\backend\tests\CustomerManagement.Tests\Application\Queries\GetAllCustomersHandlerTests.cs(29,67): error CS0117: 'CustomerClassification' does not contain a definition for 'Gold' [C:\CustomerManagement\backend\tests\CustomerManagement.Tests\CustomerManagement.Tests.csproj]
C:\CustomerManagement\backend\tests\CustomerManagement.Tests\Application\Queries\GetAllCustomersHandlerTests.cs(31,68): error CS0117: 'CustomerClassification' does not contain a definition for 'Platinum' [C:\CustomerManagement\backend\tests\CustomerManagement.Tests\CustomerManagement.Tests.csproj]
C:\CustomerManagement\backend\tests\CustomerManagement.Tests\Application\Queries\GetAllCustomersHandlerTests.cs(34,30): error CS0854: An expression tree may not contain a call or invocation that uses optional arguments [C:\CustomerManagement\backend\tests\CustomerManagement.Tests\CustomerManagement.Tests.csproj]
C:\CustomerManagement\backend\tests\CustomerManagement.Tests\Domain\CustomerEntityTests.cs(32,29): error CS0117: 'CustomerSegment' does not contain a definition for 'Corporate' [C:\CustomerManagement\backend\tests\CustomerManagement.Tests\CustomerManagement.Tests.csproj]
C:\CustomerManagement\backend\tests\CustomerManagement.Tests\Domain\CustomerEntityTests.cs(33,36): error CS0117: 'CustomerClassification' does not contain a definition for 'Gold' [C:\CustomerManagement\backend\tests\CustomerManagement.Tests\CustomerManagement.Tests.csproj]
C:\CustomerManagement\backend\tests\CustomerManagement.Tests\Domain\CustomerTests.cs(31,26): error CS0117: 'CustomerType' does not contain a definition for 'Corporate' [C:\CustomerManagement\backend\tests\CustomerManagement.Tests\CustomerManagement.Tests.csproj]
C:\CustomerManagement\backend\tests\CustomerManagement.Tests\Infrastructure\ContactRepositoryTests.cs(29,29): error CS0117: 'CustomerSegment' does not contain a definition for 'Corporate' [C:\CustomerManagement\backend\tests\CustomerManagement.Tests\CustomerManagement.Tests.csproj]
C:\CustomerManagement\backend\tests\CustomerManagement.Tests\Infrastructure\ContactRepositoryTests.cs(30,36): error CS0117: 'CustomerClassification' does not contain a definition for 'Gold' [C:\CustomerManagement\backend\tests\CustomerManagement.Tests\CustomerManagement.Tests.csproj]
C:\CustomerManagement\backend\tests\CustomerManagement.Tests\Domain\CustomerEntityTests.cs(45,29): error CS0117: 'CustomerSegment' does not contain a definition for 'Corporate' [C:\CustomerManagement\backend\tests\CustomerManagement.Tests\CustomerManagement.Tests.csproj]
C:\CustomerManagement\backend\tests\CustomerManagement.Tests\Domain\CustomerEntityTests.cs(46,36): error CS0117: 'CustomerClassification' does not contain a definition for 'Gold' [C:\CustomerManagement\backend\tests\CustomerManagement.Tests\CustomerManagement.Tests.csproj]
C:\CustomerManagement\backend\tests\CustomerManagement.Tests\Domain\CustomerTests.cs(43,26): error CS0117: 'CustomerType' does not contain a definition for 'Corporate' [C:\CustomerManagement\backend\tests\CustomerManagement.Tests\CustomerManagement.Tests.csproj]
C:\CustomerManagement\backend\tests\CustomerManagement.Tests\Application\AddContactHandlerTests.cs(34,82): error CS1503: Argument 5: cannot convert from 'bool' to 'string?' [C:\CustomerManagement\backend\tests\CustomerManagement.Tests\CustomerManagement.Tests.csproj]
C:\CustomerManagement\backend\tests\CustomerManagement.Tests\Application\AddContactHandlerTests.cs(34,93): error CS1503: Argument 7: cannot convert from 'string' to 'bool' [C:\CustomerManagement\backend\tests\CustomerManagement.Tests\CustomerManagement.Tests.csproj]
C:\CustomerManagement\backend\tests\CustomerManagement.Tests\Application\Commands\DeleteCustomerHandlerTests.cs(29,29): error CS0117: 'CustomerSegment' does not contain a definition for 'Corporate' [C:\CustomerManagement\backend\tests\CustomerManagement.Tests\CustomerManagement.Tests.csproj]
C:\CustomerManagement\backend\tests\CustomerManagement.Tests\Application\Commands\DeleteCustomerHandlerTests.cs(30,36): error CS0117: 'CustomerClassification' does not contain a definition for 'Gold' [C:\CustomerManagement\backend\tests\CustomerManagement.Tests\CustomerManagement.Tests.csproj]
C:\CustomerManagement\backend\tests\CustomerManagement.Tests\Domain\CustomerTests.cs(55,26): error CS0117: 'CustomerType' does not contain a definition for 'Corporate' [C:\CustomerManagement\backend\tests\CustomerManagement.Tests\CustomerManagement.Tests.csproj]
C:\CustomerManagement\backend\tests\CustomerManagement.Tests\Infrastructure\ContactRepositoryTests.cs(59,29): error CS0117: 'CustomerSegment' does not contain a definition for 'Corporate' [C:\CustomerManagement\backend\tests\CustomerManagement.Tests\CustomerManagement.Tests.csproj]
C:\CustomerManagement\backend\tests\CustomerManagement.Tests\Infrastructure\ContactRepositoryTests.cs(60,36): error CS0117: 'CustomerClassification' does not contain a definition for 'Gold' [C:\CustomerManagement\backend\tests\CustomerManagement.Tests\CustomerManagement.Tests.csproj]
C:\CustomerManagement\backend\tests\CustomerManagement.Tests\Application\Queries\GetAllCustomersHandlerTests.cs(48,29): error CS0117: 'CustomerSegment' does not contain a definition for 'Corporate' [C:\CustomerManagement\backend\tests\CustomerManagement.Tests\CustomerManagement.Tests.csproj]
C:\CustomerManagement\backend\tests\CustomerManagement.Tests\Application\Queries\GetAllCustomersHandlerTests.cs(48,63): error CS0117: 'CustomerClassification' does not contain a definition for 'Gold' [C:\CustomerManagement\backend\tests\CustomerManagement.Tests\CustomerManagement.Tests.csproj]
C:\CustomerManagement\backend\tests\CustomerManagement.Tests\Application\Queries\GetAllCustomersHandlerTests.cs(52,64): error CS0117: 'CustomerClassification' does not contain a definition for 'Bronze' [C:\CustomerManagement\backend\tests\CustomerManagement.Tests\CustomerManagement.Tests.csproj]
C:\CustomerManagement\backend\tests\CustomerManagement.Tests\Application\Queries\GetAllCustomersHandlerTests.cs(55,30): error CS0854: An expression tree may not contain a call or invocation that uses optional arguments [C:\CustomerManagement\backend\tests\CustomerManagement.Tests\CustomerManagement.Tests.csproj]
C:\CustomerManagement\backend\tests\CustomerManagement.Tests\Domain\CustomerEntityTests.cs(58,29): error CS0117: 'CustomerSegment' does not contain a definition for 'Corporate' [C:\CustomerManagement\backend\tests\CustomerManagement.Tests\CustomerManagement.Tests.csproj]
C:\CustomerManagement\backend\tests\CustomerManagement.Tests\Domain\CustomerEntityTests.cs(59,36): error CS0117: 'CustomerClassification' does not contain a definition for 'Gold' [C:\CustomerManagement\backend\tests\CustomerManagement.Tests\CustomerManagement.Tests.csproj]
C:\CustomerManagement\backend\tests\CustomerManagement.Tests\Domain\CustomerEntityTests.cs(64,36): error CS0117: 'CustomerClassification' does not contain a definition for 'Platinum' [C:\CustomerManagement\backend\tests\CustomerManagement.Tests\CustomerManagement.Tests.csproj]
C:\CustomerManagement\backend\tests\CustomerManagement.Tests\Domain\CustomerEntityTests.cs(66,18): error CS1061: 'Customer' does not contain a definition for 'FirstName' and no accessible extension method 'FirstName' accepting a first argument of type 'Customer' could be found (are you missing a using directive or an assembly reference?) [C:\CustomerManagement\backend\tests\CustomerManagement.Tests\CustomerManagement.Tests.csproj]
C:\CustomerManagement\backend\tests\CustomerManagement.Tests\Domain\CustomerEntityTests.cs(69,18): error CS1061: 'Customer' does not contain a definition for 'UpdatedAt' and no accessible extension method 'UpdatedAt' accepting a first argument of type 'Customer' could be found (are you missing a using directive or an assembly reference?) [C:\CustomerManagement\backend\tests\CustomerManagement.Tests\CustomerManagement.Tests.csproj]
C:\CustomerManagement\backend\tests\CustomerManagement.Tests\Domain\CustomerTests.cs(71,54): error CS0117: 'CustomerSegment' does not contain a definition for 'SmallBusiness' [C:\CustomerManagement\backend\tests\CustomerManagement.Tests\CustomerManagement.Tests.csproj]
C:\CustomerManagement\backend\tests\CustomerManagement.Tests\Domain\CustomerTests.cs(76,26): error CS0117: 'CustomerType' does not contain a definition for 'Corporate' [C:\CustomerManagement\backend\tests\CustomerManagement.Tests\CustomerManagement.Tests.csproj]
C:\CustomerManagement\backend\tests\CustomerManagement.Tests\Application\AddAddressHandlerTests.cs(37,27): error CS0234: The type or namespace name 'Entities' does not exist in the namespace 'CustomerManagement.Tests.Domain' (are you missing an assembly reference?) [C:\CustomerManagement\backend\tests\CustomerManagement.Tests\CustomerManagement.Tests.csproj]
C:\CustomerManagement\backend\tests\CustomerManagement.Tests\Application\AddAddressHandlerTests.cs(37,119): error CS0117: 'CustomerType' does not contain a definition for 'Corporate' [C:\CustomerManagement\backend\tests\CustomerManagement.Tests\CustomerManagement.Tests.csproj]
C:\CustomerManagement\backend\tests\CustomerManagement.Tests\Domain\CustomerEntityTests.cs(78,29): error CS0117: 'CustomerSegment' does not contain a definition for 'Corporate' [C:\CustomerManagement\backend\tests\CustomerManagement.Tests\CustomerManagement.Tests.csproj]
C:\CustomerManagement\backend\tests\CustomerManagement.Tests\Domain\CustomerEntityTests.cs(79,36): error CS0117: 'CustomerClassification' does not contain a definition for 'Gold' [C:\CustomerManagement\backend\tests\CustomerManagement.Tests\CustomerManagement.Tests.csproj]
C:\CustomerManagement\backend\tests\CustomerManagement.Tests\Infrastructure\ContactRepositoryTests.cs(86,29): error CS0117: 'CustomerSegment' does not contain a definition for 'Corporate' [C:\CustomerManagement\backend\tests\CustomerManagement.Tests\CustomerManagement.Tests.csproj]
C:\CustomerManagement\backend\tests\CustomerManagement.Tests\Infrastructure\ContactRepositoryTests.cs(87,36): error CS0117: 'CustomerClassification' does not contain a definition for 'Gold' [C:\CustomerManagement\backend\tests\CustomerManagement.Tests\CustomerManagement.Tests.csproj]
C:\CustomerManagement\backend\tests\CustomerManagement.Tests\Infrastructure\CustomerRepositoryTests.cs(63,85): error CS0117: 'CustomerSegment' does not contain a definition for 'SmallBusiness' [C:\CustomerManagement\backend\tests\CustomerManagement.Tests\CustomerManagement.Tests.csproj]
C:\CustomerManagement\backend\tests\CustomerManagement.Tests\Domain\CustomerEntityTests.cs(92,29): error CS0117: 'CustomerSegment' does not contain a definition for 'Corporate' [C:\CustomerManagement\backend\tests\CustomerManagement.Tests\CustomerManagement.Tests.csproj]
C:\CustomerManagement\backend\tests\CustomerManagement.Tests\Domain\CustomerEntityTests.cs(93,36): error CS0117: 'CustomerClassification' does not contain a definition for 'Gold' [C:\CustomerManagement\backend\tests\CustomerManagement.Tests\CustomerManagement.Tests.csproj]
C:\CustomerManagement\backend\tests\CustomerManagement.Tests\Domain\CustomerEntityTests.cs(95,18): error CS1061: 'Customer' does not contain a definition for 'FullName' and no accessible extension method 'FullName' accepting a first argument of type 'Customer' could be found (are you missing a using directive or an assembly reference?) [C:\CustomerManagement\backend\tests\CustomerManagement.Tests\CustomerManagement.Tests.csproj]
C:\CustomerManagement\backend\tests\CustomerManagement.Tests\Application\Commands\CreateCustomerHandlerTests.cs(37,29): error CS0117: 'CustomerSegment' does not contain a definition for 'Corporate' [C:\CustomerManagement\backend\tests\CustomerManagement.Tests\CustomerManagement.Tests.csproj]
C:\CustomerManagement\backend\tests\CustomerManagement.Tests\Application\Commands\CreateCustomerHandlerTests.cs(38,36): error CS0117: 'CustomerClassification' does not contain a definition for 'Gold' [C:\CustomerManagement\backend\tests\CustomerManagement.Tests\CustomerManagement.Tests.csproj]
C:\CustomerManagement\backend\tests\CustomerManagement.Tests\Application\Commands\CreateCustomerHandlerTests.cs(34,27): error CS7036: There is no argument given that corresponds to the required parameter 'Type' of 'CreateCustomerCommand.CreateCustomerCommand(string, string, string?, string?, string?, string?, CustomerClassification, CustomerType, CustomerSegment, decimal, string?)' [C:\CustomerManagement\backend\tests\CustomerManagement.Tests\CustomerManagement.Tests.csproj]
C:\CustomerManagement\backend\tests\CustomerManagement.Tests\Application\Commands\CreateCustomerHandlerTests.cs(44,16): error CS1061: 'CustomerDto' does not contain a definition for 'FirstName' and no accessible extension method 'FirstName' accepting a first argument of type 'CustomerDto' could be found (are you missing a using directive or an assembly reference?) [C:\CustomerManagement\backend\tests\CustomerManagement.Tests\CustomerManagement.Tests.csproj]
C:\CustomerManagement\backend\tests\CustomerManagement.Tests\Domain\CustomerEntityTests.cs(104,29): error CS0117: 'CustomerSegment' does not contain a definition for 'Corporate' [C:\CustomerManagement\backend\tests\CustomerManagement.Tests\CustomerManagement.Tests.csproj]
C:\CustomerManagement\backend\tests\CustomerManagement.Tests\Domain\CustomerEntityTests.cs(105,36): error CS0117: 'CustomerClassification' does not contain a definition for 'Gold' [C:\CustomerManagement\backend\tests\CustomerManagement.Tests\CustomerManagement.Tests.csproj]
C:\CustomerManagement\backend\tests\CustomerManagement.Tests\Application\Queries\GetAllCustomersHandlerTests.cs(68,30): error CS0854: An expression tree may not contain a call or invocation that uses optional arguments [C:\CustomerManagement\backend\tests\CustomerManagement.Tests\CustomerManagement.Tests.csproj]
C:\CustomerManagement\backend\tests\CustomerManagement.Tests\Application\Commands\AddContactHandlerTests.cs(31,29): error CS0117: 'CustomerSegment' does not contain a definition for 'Corporate' [C:\CustomerManagement\backend\tests\CustomerManagement.Tests\CustomerManagement.Tests.csproj]
C:\CustomerManagement\backend\tests\CustomerManagement.Tests\Application\Commands\AddContactHandlerTests.cs(31,63): error CS0117: 'CustomerClassification' does not contain a definition for 'Gold' [C:\CustomerManagement\backend\tests\CustomerManagement.Tests\CustomerManagement.Tests.csproj]
C:\CustomerManagement\backend\tests\CustomerManagement.Tests\Infrastructure\ContactRepositoryTests.cs(106,29): error CS0117: 'CustomerSegment' does not contain a definition for 'Corporate' [C:\CustomerManagement\backend\tests\CustomerManagement.Tests\CustomerManagement.Tests.csproj]
C:\CustomerManagement\backend\tests\CustomerManagement.Tests\Infrastructure\ContactRepositoryTests.cs(107,36): error CS0117: 'CustomerClassification' does not contain a definition for 'Gold' [C:\CustomerManagement\backend\tests\CustomerManagement.Tests\CustomerManagement.Tests.csproj]
C:\CustomerManagement\backend\tests\CustomerManagement.Tests\Application\CreateCustomerHandlerTests.cs(34,57): error CS0117: 'CustomerType' does not contain a definition for 'Corporate' [C:\CustomerManagement\backend\tests\CustomerManagement.Tests\CustomerManagement.Tests.csproj]
C:\CustomerManagement\backend\tests\CustomerManagement.Tests\Application\CreateCustomerHandlerTests.cs(48,58): error CS0234: The type or namespace name 'Entities' does not exist in the namespace 'CustomerManagement.Tests.Domain' (are you missing an assembly reference?) [C:\CustomerManagement\backend\tests\CustomerManagement.Tests\CustomerManagement.Tests.csproj]
C:\CustomerManagement\backend\tests\CustomerManagement.Tests\Infrastructure\CustomerRepositoryTests.cs(116,85): error CS0117: 'CustomerType' does not contain a definition for 'Corporate' [C:\CustomerManagement\backend\tests\CustomerManagement.Tests\CustomerManagement.Tests.csproj]
C:\CustomerManagement\backend\tests\CustomerManagement.Tests\Application\Commands\CreateCustomerHandlerTests.cs(57,29): error CS0117: 'CustomerSegment' does not contain a definition for 'Corporate' [C:\CustomerManagement\backend\tests\CustomerManagement.Tests\CustomerManagement.Tests.csproj]
C:\CustomerManagement\backend\tests\CustomerManagement.Tests\Application\Commands\CreateCustomerHandlerTests.cs(58,36): error CS0117: 'CustomerClassification' does not contain a definition for 'Gold' [C:\CustomerManagement\backend\tests\CustomerManagement.Tests\CustomerManagement.Tests.csproj]
C:\CustomerManagement\backend\tests\CustomerManagement.Tests\Application\Commands\CreateCustomerHandlerTests.cs(54,27): error CS7036: There is no argument given that corresponds to the required parameter 'Type' of 'CreateCustomerCommand.CreateCustomerCommand(string, string, string?, string?, string?, string?, CustomerClassification, CustomerType, CustomerSegment, decimal, string?)' [C:\CustomerManagement\backend\tests\CustomerManagement.Tests\CustomerManagement.Tests.csproj]
C:\CustomerManagement\backend\tests\CustomerManagement.Tests\Application\AddContactHandlerTests.cs(50,78): error CS1503: Argument 5: cannot convert from 'bool' to 'string?' [C:\CustomerManagement\backend\tests\CustomerManagement.Tests\CustomerManagement.Tests.csproj]
C:\CustomerManagement\backend\tests\CustomerManagement.Tests\Application\AddContactHandlerTests.cs(50,89): error CS1503: Argument 7: cannot convert from 'string' to 'bool' [C:\CustomerManagement\backend\tests\CustomerManagement.Tests\CustomerManagement.Tests.csproj]
C:\CustomerManagement\backend\tests\CustomerManagement.Tests\Application\AddContactHandlerTests.cs(69,88): error CS0117: 'CustomerType' does not contain a definition for 'Corporate' [C:\CustomerManagement\backend\tests\CustomerManagement.Tests\CustomerManagement.Tests.csproj]
C:\CustomerManagement\backend\tests\CustomerManagement.Tests\Application\CreateCustomerHandlerTests.cs(56,113): error CS0117: 'CustomerClassification' does not contain a definition for 'A' [C:\CustomerManagement\backend\tests\CustomerManagement.Tests\CustomerManagement.Tests.csproj]
C:\CustomerManagement\backend\tests\CustomerManagement.Tests\Application\CreateCustomerHandlerTests.cs(56,129): error CS0117: 'CustomerType' does not contain a definition for 'C' [C:\CustomerManagement\backend\tests\CustomerManagement.Tests\CustomerManagement.Tests.csproj]
C:\CustomerManagement\backend\tests\CustomerManagement.Tests\Application\CreateCustomerHandlerTests.cs(56,148): error CS0117: 'CustomerSegment' does not contain a definition for 'E' [C:\CustomerManagement\backend\tests\CustomerManagement.Tests\CustomerManagement.Tests.csproj]
C:\CustomerManagement\backend\tests\CustomerManagement.Tests\Application\DeleteCustomerHandlerTests.cs(29,24): error CS0234: The type or namespace name 'Entities' does not exist in the namespace 'CustomerManagement.Tests.Domain' (are you missing an assembly reference?) [C:\CustomerManagement\backend\tests\CustomerManagement.Tests\CustomerManagement.Tests.csproj]
C:\CustomerManagement\backend\tests\CustomerManagement.Tests\Application\DeleteCustomerHandlerTests.cs(29,113): error CS0117: 'CustomerType' does not contain a definition for 'Corporate' [C:\CustomerManagement\backend\tests\CustomerManagement.Tests\CustomerManagement.Tests.csproj]
C:\CustomerManagement\backend\tests\CustomerManagement.Tests\Application\Commands\AddContactHandlerTests.cs(58,29): error CS0117: 'CustomerSegment' does not contain a definition for 'Corporate' [C:\CustomerManagement\backend\tests\CustomerManagement.Tests\CustomerManagement.Tests.csproj]
C:\CustomerManagement\backend\tests\CustomerManagement.Tests\Application\Commands\AddContactHandlerTests.cs(58,63): error CS0117: 'CustomerClassification' does not contain a definition for 'Gold' [C:\CustomerManagement\backend\tests\CustomerManagement.Tests\CustomerManagement.Tests.csproj]
C:\CustomerManagement\backend\tests\CustomerManagement.Tests\Application\CreateCustomerHandlerTests.cs(70,117): error CS0117: 'CustomerClassification' does not contain a definition for 'A' [C:\CustomerManagement\backend\tests\CustomerManagement.Tests\CustomerManagement.Tests.csproj]
C:\CustomerManagement\backend\tests\CustomerManagement.Tests\Application\CreateCustomerHandlerTests.cs(70,133): error CS0117: 'CustomerType' does not contain a definition for 'C' [C:\CustomerManagement\backend\tests\CustomerManagement.Tests\CustomerManagement.Tests.csproj]
C:\CustomerManagement\backend\tests\CustomerManagement.Tests\Application\CreateCustomerHandlerTests.cs(70,152): error CS0117: 'CustomerSegment' does not contain a definition for 'E' [C:\CustomerManagement\backend\tests\CustomerManagement.Tests\CustomerManagement.Tests.csproj]
C:\CustomerManagement\backend\tests\CustomerManagement.Tests\Application\Commands\CreateCustomerHandlerTests.cs(81,36): error CS0117: 'CustomerClassification' does not contain a definition for 'Platinum' [C:\CustomerManagement\backend\tests\CustomerManagement.Tests\CustomerManagement.Tests.csproj]
C:\CustomerManagement\backend\tests\CustomerManagement.Tests\Application\Commands\CreateCustomerHandlerTests.cs(77,27): error CS7036: There is no argument given that corresponds to the required parameter 'Type' of 'CreateCustomerCommand.CreateCustomerCommand(string, string, string?, string?, string?, string?, CustomerClassification, CustomerType, CustomerSegment, decimal, string?)' [C:\CustomerManagement\backend\tests\CustomerManagement.Tests\CustomerManagement.Tests.csproj]
C:\CustomerManagement\backend\tests\CustomerManagement.Tests\Application\AddAddressHandlerTests.cs(56,27): error CS0234: The type or namespace name 'Entities' does not exist in the namespace 'CustomerManagement.Tests.Domain' (are you missing an assembly reference?) [C:\CustomerManagement\backend\tests\CustomerManagement.Tests\CustomerManagement.Tests.csproj]
C:\CustomerManagement\backend\tests\CustomerManagement.Tests\Application\AddAddressHandlerTests.cs(56,119): error CS0117: 'CustomerType' does not contain a definition for 'Corporate' [C:\CustomerManagement\backend\tests\CustomerManagement.Tests\CustomerManagement.Tests.csproj]
C:\CustomerManagement\backend\tests\CustomerManagement.Tests\Application\AddAddressHandlerTests.cs(60,27): error CS0234: The type or namespace name 'Entities' does not exist in the namespace 'CustomerManagement.Tests.Domain' (are you missing an assembly reference?) [C:\CustomerManagement\backend\tests\CustomerManagement.Tests\CustomerManagement.Tests.csproj]
C:\CustomerManagement\backend\tests\CustomerManagement.Tests\Application\DeleteCustomerHandlerTests.cs(44,24): error CS0234: The type or namespace name 'Entities' does not exist in the namespace 'CustomerManagement.Tests.Domain' (are you missing an assembly reference?) [C:\CustomerManagement\backend\tests\CustomerManagement.Tests\CustomerManagement.Tests.csproj]
C:\CustomerManagement\backend\tests\CustomerManagement.Tests\Application\DeleteCustomerHandlerTests.cs(44,116): error CS0117: 'CustomerType' does not contain a definition for 'Corporate' [C:\CustomerManagement\backend\tests\CustomerManagement.Tests\CustomerManagement.Tests.csproj]

Build FAILED.

C:\CustomerManagement\backend\tests\CustomerManagement.Tests\Application\Commands\DeleteCustomerHandlerTests.cs(20,24): error CS7036: There is no argument given that corresponds to the required parameter 'cache' of 'DeleteCustomerHandler.DeleteCustomerHandler(ICustomerRepository, IDistributedCache)' [C:\CustomerManagement\backend\tests\CustomerManagement.Tests\CustomerManagement.Tests.csproj]
C:\CustomerManagement\backend\tests\CustomerManagement.Tests\Application\Commands\CreateCustomerHandlerTests.cs(20,24): error CS7036: There is no argument given that corresponds to the required parameter 'cache' of 'CreateCustomerHandler.CreateCustomerHandler(ICustomerRepository, IDistributedCache, IValidator<CreateCustomerCommand>)' [C:\CustomerManagement\backend\tests\CustomerManagement.Tests\CustomerManagement.Tests.csproj]
C:\CustomerManagement\backend\tests\CustomerManagement.Tests\Application\Commands\AddContactHandlerTests.cs(22,24): error CS7036: There is no argument given that corresponds to the required parameter 'cache' of 'AddContactHandler.AddContactHandler(IContactRepository, ICustomerRepository, IDistributedCache, IValidator<AddContactCommand>)' [C:\CustomerManagement\backend\tests\CustomerManagement.Tests\CustomerManagement.Tests.csproj]
C:\CustomerManagement\backend\tests\CustomerManagement.Tests\API\AuthControllerTests.cs(31,27): error CS7036: There is no argument given that corresponds to the required parameter 'logger' of 'AuthController.AuthController(JwtTokenService, UserService, ILogger<AuthController>)' [C:\CustomerManagement\backend\tests\CustomerManagement.Tests\CustomerManagement.Tests.csproj]
C:\CustomerManagement\backend\tests\CustomerManagement.Tests\Domain\CustomerEntityTests.cs(17,29): error CS0117: 'CustomerSegment' does not contain a definition for 'Corporate' [C:\CustomerManagement\backend\tests\CustomerManagement.Tests\CustomerManagement.Tests.csproj]
C:\CustomerManagement\backend\tests\CustomerManagement.Tests\Domain\CustomerEntityTests.cs(18,36): error CS0117: 'CustomerClassification' does not contain a definition for 'Gold' [C:\CustomerManagement\backend\tests\CustomerManagement.Tests\CustomerManagement.Tests.csproj]
C:\CustomerManagement\backend\tests\CustomerManagement.Tests\Domain\CustomerEntityTests.cs(21,18): error CS1061: 'Customer' does not contain a definition for 'FirstName' and no accessible extension method 'FirstName' accepting a first argument of type 'Customer' could be found (are you missing a using directive or an assembly reference?) [C:\CustomerManagement\backend\tests\CustomerManagement.Tests\CustomerManagement.Tests.csproj]
C:\CustomerManagement\backend\tests\CustomerManagement.Tests\Domain\CustomerTests.cs(16,26): error CS0117: 'CustomerType' does not contain a definition for 'Corporate' [C:\CustomerManagement\backend\tests\CustomerManagement.Tests\CustomerManagement.Tests.csproj]
C:\CustomerManagement\backend\tests\CustomerManagement.Tests\Application\Queries\GetAllCustomersHandlerTests.cs(29,33): error CS0117: 'CustomerSegment' does not contain a definition for 'Corporate' [C:\CustomerManagement\backend\tests\CustomerManagement.Tests\CustomerManagement.Tests.csproj]
C:\CustomerManagement\backend\tests\CustomerManagement.Tests\Application\Queries\GetAllCustomersHandlerTests.cs(29,67): error CS0117: 'CustomerClassification' does not contain a definition for 'Gold' [C:\CustomerManagement\backend\tests\CustomerManagement.Tests\CustomerManagement.Tests.csproj]
C:\CustomerManagement\backend\tests\CustomerManagement.Tests\Application\Queries\GetAllCustomersHandlerTests.cs(31,68): error CS0117: 'CustomerClassification' does not contain a definition for 'Platinum' [C:\CustomerManagement\backend\tests\CustomerManagement.Tests\CustomerManagement.Tests.csproj]
C:\CustomerManagement\backend\tests\CustomerManagement.Tests\Application\Queries\GetAllCustomersHandlerTests.cs(34,30): error CS0854: An expression tree may not contain a call or invocation that uses optional arguments [C:\CustomerManagement\backend\tests\CustomerManagement.Tests\CustomerManagement.Tests.csproj]
C:\CustomerManagement\backend\tests\CustomerManagement.Tests\Domain\CustomerEntityTests.cs(32,29): error CS0117: 'CustomerSegment' does not contain a definition for 'Corporate' [C:\CustomerManagement\backend\tests\CustomerManagement.Tests\CustomerManagement.Tests.csproj]
C:\CustomerManagement\backend\tests\CustomerManagement.Tests\Domain\CustomerEntityTests.cs(33,36): error CS0117: 'CustomerClassification' does not contain a definition for 'Gold' [C:\CustomerManagement\backend\tests\CustomerManagement.Tests\CustomerManagement.Tests.csproj]
C:\CustomerManagement\backend\tests\CustomerManagement.Tests\Domain\CustomerTests.cs(31,26): error CS0117: 'CustomerType' does not contain a definition for 'Corporate' [C:\CustomerManagement\backend\tests\CustomerManagement.Tests\CustomerManagement.Tests.csproj]
C:\CustomerManagement\backend\tests\CustomerManagement.Tests\Infrastructure\ContactRepositoryTests.cs(29,29): error CS0117: 'CustomerSegment' does not contain a definition for 'Corporate' [C:\CustomerManagement\backend\tests\CustomerManagement.Tests\CustomerManagement.Tests.csproj]
C:\CustomerManagement\backend\tests\CustomerManagement.Tests\Infrastructure\ContactRepositoryTests.cs(30,36): error CS0117: 'CustomerClassification' does not contain a definition for 'Gold' [C:\CustomerManagement\backend\tests\CustomerManagement.Tests\CustomerManagement.Tests.csproj]
C:\CustomerManagement\backend\tests\CustomerManagement.Tests\Domain\CustomerEntityTests.cs(45,29): error CS0117: 'CustomerSegment' does not contain a definition for 'Corporate' [C:\CustomerManagement\backend\tests\CustomerManagement.Tests\CustomerManagement.Tests.csproj]
C:\CustomerManagement\backend\tests\CustomerManagement.Tests\Domain\CustomerEntityTests.cs(46,36): error CS0117: 'CustomerClassification' does not contain a definition for 'Gold' [C:\CustomerManagement\backend\tests\CustomerManagement.Tests\CustomerManagement.Tests.csproj]
C:\CustomerManagement\backend\tests\CustomerManagement.Tests\Domain\CustomerTests.cs(43,26): error CS0117: 'CustomerType' does not contain a definition for 'Corporate' [C:\CustomerManagement\backend\tests\CustomerManagement.Tests\CustomerManagement.Tests.csproj]
C:\CustomerManagement\backend\tests\CustomerManagement.Tests\Application\AddContactHandlerTests.cs(34,82): error CS1503: Argument 5: cannot convert from 'bool' to 'string?' [C:\CustomerManagement\backend\tests\CustomerManagement.Tests\CustomerManagement.Tests.csproj]
C:\CustomerManagement\backend\tests\CustomerManagement.Tests\Application\AddContactHandlerTests.cs(34,93): error CS1503: Argument 7: cannot convert from 'string' to 'bool' [C:\CustomerManagement\backend\tests\CustomerManagement.Tests\CustomerManagement.Tests.csproj]
C:\CustomerManagement\backend\tests\CustomerManagement.Tests\Application\Commands\DeleteCustomerHandlerTests.cs(29,29): error CS0117: 'CustomerSegment' does not contain a definition for 'Corporate' [C:\CustomerManagement\backend\tests\CustomerManagement.Tests\CustomerManagement.Tests.csproj]
C:\CustomerManagement\backend\tests\CustomerManagement.Tests\Application\Commands\DeleteCustomerHandlerTests.cs(30,36): error CS0117: 'CustomerClassification' does not contain a definition for 'Gold' [C:\CustomerManagement\backend\tests\CustomerManagement.Tests\CustomerManagement.Tests.csproj]
C:\CustomerManagement\backend\tests\CustomerManagement.Tests\Domain\CustomerTests.cs(55,26): error CS0117: 'CustomerType' does not contain a definition for 'Corporate' [C:\CustomerManagement\backend\tests\CustomerManagement.Tests\CustomerManagement.Tests.csproj]
C:\CustomerManagement\backend\tests\CustomerManagement.Tests\Infrastructure\ContactRepositoryTests.cs(59,29): error CS0117: 'CustomerSegment' does not contain a definition for 'Corporate' [C:\CustomerManagement\backend\tests\CustomerManagement.Tests\CustomerManagement.Tests.csproj]
C:\CustomerManagement\backend\tests\CustomerManagement.Tests\Infrastructure\ContactRepositoryTests.cs(60,36): error CS0117: 'CustomerClassification' does not contain a definition for 'Gold' [C:\CustomerManagement\backend\tests\CustomerManagement.Tests\CustomerManagement.Tests.csproj]
C:\CustomerManagement\backend\tests\CustomerManagement.Tests\Application\Queries\GetAllCustomersHandlerTests.cs(48,29): error CS0117: 'CustomerSegment' does not contain a definition for 'Corporate' [C:\CustomerManagement\backend\tests\CustomerManagement.Tests\CustomerManagement.Tests.csproj]
C:\CustomerManagement\backend\tests\CustomerManagement.Tests\Application\Queries\GetAllCustomersHandlerTests.cs(48,63): error CS0117: 'CustomerClassification' does not contain a definition for 'Gold' [C:\CustomerManagement\backend\tests\CustomerManagement.Tests\CustomerManagement.Tests.csproj]
C:\CustomerManagement\backend\tests\CustomerManagement.Tests\Application\Queries\GetAllCustomersHandlerTests.cs(52,64): error CS0117: 'CustomerClassification' does not contain a definition for 'Bronze' [C:\CustomerManagement\backend\tests\CustomerManagement.Tests\CustomerManagement.Tests.csproj]
C:\CustomerManagement\backend\tests\CustomerManagement.Tests\Application\Queries\GetAllCustomersHandlerTests.cs(55,30): error CS0854: An expression tree may not contain a call or invocation that uses optional arguments [C:\CustomerManagement\backend\tests\CustomerManagement.Tests\CustomerManagement.Tests.csproj]
C:\CustomerManagement\backend\tests\CustomerManagement.Tests\Domain\CustomerEntityTests.cs(58,29): error CS0117: 'CustomerSegment' does not contain a definition for 'Corporate' [C:\CustomerManagement\backend\tests\CustomerManagement.Tests\CustomerManagement.Tests.csproj]
C:\CustomerManagement\backend\tests\CustomerManagement.Tests\Domain\CustomerEntityTests.cs(59,36): error CS0117: 'CustomerClassification' does not contain a definition for 'Gold' [C:\CustomerManagement\backend\tests\CustomerManagement.Tests\CustomerManagement.Tests.csproj]
C:\CustomerManagement\backend\tests\CustomerManagement.Tests\Domain\CustomerEntityTests.cs(64,36): error CS0117: 'CustomerClassification' does not contain a definition for 'Platinum' [C:\CustomerManagement\backend\tests\CustomerManagement.Tests\CustomerManagement.Tests.csproj]
C:\CustomerManagement\backend\tests\CustomerManagement.Tests\Domain\CustomerEntityTests.cs(66,18): error CS1061: 'Customer' does not contain a definition for 'FirstName' and no accessible extension method 'FirstName' accepting a first argument of type 'Customer' could be found (are you missing a using directive or an assembly reference?) [C:\CustomerManagement\backend\tests\CustomerManagement.Tests\CustomerManagement.Tests.csproj]
C:\CustomerManagement\backend\tests\CustomerManagement.Tests\Domain\CustomerEntityTests.cs(69,18): error CS1061: 'Customer' does not contain a definition for 'UpdatedAt' and no accessible extension method 'UpdatedAt' accepting a first argument of type 'Customer' could be found (are you missing a using directive or an assembly reference?) [C:\CustomerManagement\backend\tests\CustomerManagement.Tests\CustomerManagement.Tests.csproj]
C:\CustomerManagement\backend\tests\CustomerManagement.Tests\Domain\CustomerTests.cs(71,54): error CS0117: 'CustomerSegment' does not contain a definition for 'SmallBusiness' [C:\CustomerManagement\backend\tests\CustomerManagement.Tests\CustomerManagement.Tests.csproj]
C:\CustomerManagement\backend\tests\CustomerManagement.Tests\Domain\CustomerTests.cs(76,26): error CS0117: 'CustomerType' does not contain a definition for 'Corporate' [C:\CustomerManagement\backend\tests\CustomerManagement.Tests\CustomerManagement.Tests.csproj]
C:\CustomerManagement\backend\tests\CustomerManagement.Tests\Application\AddAddressHandlerTests.cs(37,27): error CS0234: The type or namespace name 'Entities' does not exist in the namespace 'CustomerManagement.Tests.Domain' (are you missing an assembly reference?) [C:\CustomerManagement\backend\tests\CustomerManagement.Tests\CustomerManagement.Tests.csproj]
C:\CustomerManagement\backend\tests\CustomerManagement.Tests\Application\AddAddressHandlerTests.cs(37,119): error CS0117: 'CustomerType' does not contain a definition for 'Corporate' [C:\CustomerManagement\backend\tests\CustomerManagement.Tests\CustomerManagement.Tests.csproj]
C:\CustomerManagement\backend\tests\CustomerManagement.Tests\Domain\CustomerEntityTests.cs(78,29): error CS0117: 'CustomerSegment' does not contain a definition for 'Corporate' [C:\CustomerManagement\backend\tests\CustomerManagement.Tests\CustomerManagement.Tests.csproj]
C:\CustomerManagement\backend\tests\CustomerManagement.Tests\Domain\CustomerEntityTests.cs(79,36): error CS0117: 'CustomerClassification' does not contain a definition for 'Gold' [C:\CustomerManagement\backend\tests\CustomerManagement.Tests\CustomerManagement.Tests.csproj]
C:\CustomerManagement\backend\tests\CustomerManagement.Tests\Infrastructure\ContactRepositoryTests.cs(86,29): error CS0117: 'CustomerSegment' does not contain a definition for 'Corporate' [C:\CustomerManagement\backend\tests\CustomerManagement.Tests\CustomerManagement.Tests.csproj]
C:\CustomerManagement\backend\tests\CustomerManagement.Tests\Infrastructure\ContactRepositoryTests.cs(87,36): error CS0117: 'CustomerClassification' does not contain a definition for 'Gold' [C:\CustomerManagement\backend\tests\CustomerManagement.Tests\CustomerManagement.Tests.csproj]
C:\CustomerManagement\backend\tests\CustomerManagement.Tests\Infrastructure\CustomerRepositoryTests.cs(63,85): error CS0117: 'CustomerSegment' does not contain a definition for 'SmallBusiness' [C:\CustomerManagement\backend\tests\CustomerManagement.Tests\CustomerManagement.Tests.csproj]
C:\CustomerManagement\backend\tests\CustomerManagement.Tests\Domain\CustomerEntityTests.cs(92,29): error CS0117: 'CustomerSegment' does not contain a definition for 'Corporate' [C:\CustomerManagement\backend\tests\CustomerManagement.Tests\CustomerManagement.Tests.csproj]
C:\CustomerManagement\backend\tests\CustomerManagement.Tests\Domain\CustomerEntityTests.cs(93,36): error CS0117: 'CustomerClassification' does not contain a definition for 'Gold' [C:\CustomerManagement\backend\tests\CustomerManagement.Tests\CustomerManagement.Tests.csproj]
C:\CustomerManagement\backend\tests\CustomerManagement.Tests\Domain\CustomerEntityTests.cs(95,18): error CS1061: 'Customer' does not contain a definition for 'FullName' and no accessible extension method 'FullName' accepting a first argument of type 'Customer' could be found (are you missing a using directive or an assembly reference?) [C:\CustomerManagement\backend\tests\CustomerManagement.Tests\CustomerManagement.Tests.csproj]
C:\CustomerManagement\backend\tests\CustomerManagement.Tests\Application\Commands\CreateCustomerHandlerTests.cs(37,29): error CS0117: 'CustomerSegment' does not contain a definition for 'Corporate' [C:\CustomerManagement\backend\tests\CustomerManagement.Tests\CustomerManagement.Tests.csproj]
C:\CustomerManagement\backend\tests\CustomerManagement.Tests\Application\Commands\CreateCustomerHandlerTests.cs(38,36): error CS0117: 'CustomerClassification' does not contain a definition for 'Gold' [C:\CustomerManagement\backend\tests\CustomerManagement.Tests\CustomerManagement.Tests.csproj]
C:\CustomerManagement\backend\tests\CustomerManagement.Tests\Application\Commands\CreateCustomerHandlerTests.cs(34,27): error CS7036: There is no argument given that corresponds to the required parameter 'Type' of 'CreateCustomerCommand.CreateCustomerCommand(string, string, string?, string?, string?, string?, CustomerClassification, CustomerType, CustomerSegment, decimal, string?)' [C:\CustomerManagement\backend\tests\CustomerManagement.Tests\CustomerManagement.Tests.csproj]
C:\CustomerManagement\backend\tests\CustomerManagement.Tests\Application\Commands\CreateCustomerHandlerTests.cs(44,16): error CS1061: 'CustomerDto' does not contain a definition for 'FirstName' and no accessible extension method 'FirstName' accepting a first argument of type 'CustomerDto' could be found (are you missing a using directive or an assembly reference?) [C:\CustomerManagement\backend\tests\CustomerManagement.Tests\CustomerManagement.Tests.csproj]
C:\CustomerManagement\backend\tests\CustomerManagement.Tests\Domain\CustomerEntityTests.cs(104,29): error CS0117: 'CustomerSegment' does not contain a definition for 'Corporate' [C:\CustomerManagement\backend\tests\CustomerManagement.Tests\CustomerManagement.Tests.csproj]
C:\CustomerManagement\backend\tests\CustomerManagement.Tests\Domain\CustomerEntityTests.cs(105,36): error CS0117: 'CustomerClassification' does not contain a definition for 'Gold' [C:\CustomerManagement\backend\tests\CustomerManagement.Tests\CustomerManagement.Tests.csproj]
C:\CustomerManagement\backend\tests\CustomerManagement.Tests\Application\Queries\GetAllCustomersHandlerTests.cs(68,30): error CS0854: An expression tree may not contain a call or invocation that uses optional arguments [C:\CustomerManagement\backend\tests\CustomerManagement.Tests\CustomerManagement.Tests.csproj]
C:\CustomerManagement\backend\tests\CustomerManagement.Tests\Application\Commands\AddContactHandlerTests.cs(31,29): error CS0117: 'CustomerSegment' does not contain a definition for 'Corporate' [C:\CustomerManagement\backend\tests\CustomerManagement.Tests\CustomerManagement.Tests.csproj]
C:\CustomerManagement\backend\tests\CustomerManagement.Tests\Application\Commands\AddContactHandlerTests.cs(31,63): error CS0117: 'CustomerClassification' does not contain a definition for 'Gold' [C:\CustomerManagement\backend\tests\CustomerManagement.Tests\CustomerManagement.Tests.csproj]
C:\CustomerManagement\backend\tests\CustomerManagement.Tests\Infrastructure\ContactRepositoryTests.cs(106,29): error CS0117: 'CustomerSegment' does not contain a definition for 'Corporate' [C:\CustomerManagement\backend\tests\CustomerManagement.Tests\CustomerManagement.Tests.csproj]
C:\CustomerManagement\backend\tests\CustomerManagement.Tests\Infrastructure\ContactRepositoryTests.cs(107,36): error CS0117: 'CustomerClassification' does not contain a definition for 'Gold' [C:\CustomerManagement\backend\tests\CustomerManagement.Tests\CustomerManagement.Tests.csproj]
C:\CustomerManagement\backend\tests\CustomerManagement.Tests\Application\CreateCustomerHandlerTests.cs(34,57): error CS0117: 'CustomerType' does not contain a definition for 'Corporate' [C:\CustomerManagement\backend\tests\CustomerManagement.Tests\CustomerManagement.Tests.csproj]
C:\CustomerManagement\backend\tests\CustomerManagement.Tests\Application\CreateCustomerHandlerTests.cs(48,58): error CS0234: The type or namespace name 'Entities' does not exist in the namespace 'CustomerManagement.Tests.Domain' (are you missing an assembly reference?) [C:\CustomerManagement\backend\tests\CustomerManagement.Tests\CustomerManagement.Tests.csproj]
C:\CustomerManagement\backend\tests\CustomerManagement.Tests\Infrastructure\CustomerRepositoryTests.cs(116,85): error CS0117: 'CustomerType' does not contain a definition for 'Corporate' [C:\CustomerManagement\backend\tests\CustomerManagement.Tests\CustomerManagement.Tests.csproj]
C:\CustomerManagement\backend\tests\CustomerManagement.Tests\Application\Commands\CreateCustomerHandlerTests.cs(57,29): error CS0117: 'CustomerSegment' does not contain a definition for 'Corporate' [C:\CustomerManagement\backend\tests\CustomerManagement.Tests\CustomerManagement.Tests.csproj]
C:\CustomerManagement\backend\tests\CustomerManagement.Tests\Application\Commands\CreateCustomerHandlerTests.cs(58,36): error CS0117: 'CustomerClassification' does not contain a definition for 'Gold' [C:\CustomerManagement\backend\tests\CustomerManagement.Tests\CustomerManagement.Tests.csproj]
C:\CustomerManagement\backend\tests\CustomerManagement.Tests\Application\Commands\CreateCustomerHandlerTests.cs(54,27): error CS7036: There is no argument given that corresponds to the required parameter 'Type' of 'CreateCustomerCommand.CreateCustomerCommand(string, string, string?, string?, string?, string?, CustomerClassification, CustomerType, CustomerSegment, decimal, string?)' [C:\CustomerManagement\backend\tests\CustomerManagement.Tests\CustomerManagement.Tests.csproj]
C:\CustomerManagement\backend\tests\CustomerManagement.Tests\Application\AddContactHandlerTests.cs(50,78): error CS1503: Argument 5: cannot convert from 'bool' to 'string?' [C:\CustomerManagement\backend\tests\CustomerManagement.Tests\CustomerManagement.Tests.csproj]
C:\CustomerManagement\backend\tests\CustomerManagement.Tests\Application\AddContactHandlerTests.cs(50,89): error CS1503: Argument 7: cannot convert from 'string' to 'bool' [C:\CustomerManagement\backend\tests\CustomerManagement.Tests\CustomerManagement.Tests.csproj]
C:\CustomerManagement\backend\tests\CustomerManagement.Tests\Application\AddContactHandlerTests.cs(69,88): error CS0117: 'CustomerType' does not contain a definition for 'Corporate' [C:\CustomerManagement\backend\tests\CustomerManagement.Tests\CustomerManagement.Tests.csproj]
C:\CustomerManagement\backend\tests\CustomerManagement.Tests\Application\CreateCustomerHandlerTests.cs(56,113): error CS0117: 'CustomerClassification' does not contain a definition for 'A' [C:\CustomerManagement\backend\tests\CustomerManagement.Tests\CustomerManagement.Tests.csproj]
C:\CustomerManagement\backend\tests\CustomerManagement.Tests\Application\CreateCustomerHandlerTests.cs(56,129): error CS0117: 'CustomerType' does not contain a definition for 'C' [C:\CustomerManagement\backend\tests\CustomerManagement.Tests\CustomerManagement.Tests.csproj]
C:\CustomerManagement\backend\tests\CustomerManagement.Tests\Application\CreateCustomerHandlerTests.cs(56,148): error CS0117: 'CustomerSegment' does not contain a definition for 'E' [C:\CustomerManagement\backend\tests\CustomerManagement.Tests\CustomerManagement.Tests.csproj]
C:\CustomerManagement\backend\tests\CustomerManagement.Tests\Application\DeleteCustomerHandlerTests.cs(29,24): error CS0234: The type or namespace name 'Entities' does not exist in the namespace 'CustomerManagement.Tests.Domain' (are you missing an assembly reference?) [C:\CustomerManagement\backend\tests\CustomerManagement.Tests\CustomerManagement.Tests.csproj]
C:\CustomerManagement\backend\tests\CustomerManagement.Tests\Application\DeleteCustomerHandlerTests.cs(29,113): error CS0117: 'CustomerType' does not contain a definition for 'Corporate' [C:\CustomerManagement\backend\tests\CustomerManagement.Tests\CustomerManagement.Tests.csproj]
C:\CustomerManagement\backend\tests\CustomerManagement.Tests\Application\Commands\AddContactHandlerTests.cs(58,29): error CS0117: 'CustomerSegment' does not contain a definition for 'Corporate' [C:\CustomerManagement\backend\tests\CustomerManagement.Tests\CustomerManagement.Tests.csproj]
C:\CustomerManagement\backend\tests\CustomerManagement.Tests\Application\Commands\AddContactHandlerTests.cs(58,63): error CS0117: 'CustomerClassification' does not contain a definition for 'Gold' [C:\CustomerManagement\backend\tests\CustomerManagement.Tests\CustomerManagement.Tests.csproj]
C:\CustomerManagement\backend\tests\CustomerManagement.Tests\Application\CreateCustomerHandlerTests.cs(70,117): error CS0117: 'CustomerClassification' does not contain a definition for 'A' [C:\CustomerManagement\backend\tests\CustomerManagement.Tests\CustomerManagement.Tests.csproj]
C:\CustomerManagement\backend\tests\CustomerManagement.Tests\Application\CreateCustomerHandlerTests.cs(70,133): error CS0117: 'CustomerType' does not contain a definition for 'C' [C:\CustomerManagement\backend\tests\CustomerManagement.Tests\CustomerManagement.Tests.csproj]
C:\CustomerManagement\backend\tests\CustomerManagement.Tests\Application\CreateCustomerHandlerTests.cs(70,152): error CS0117: 'CustomerSegment' does not contain a definition for 'E' [C:\CustomerManagement\backend\tests\CustomerManagement.Tests\CustomerManagement.Tests.csproj]
C:\CustomerManagement\backend\tests\CustomerManagement.Tests\Application\Commands\CreateCustomerHandlerTests.cs(81,36): error CS0117: 'CustomerClassification' does not contain a definition for 'Platinum' [C:\CustomerManagement\backend\tests\CustomerManagement.Tests\CustomerManagement.Tests.csproj]
C:\CustomerManagement\backend\tests\CustomerManagement.Tests\Application\Commands\CreateCustomerHandlerTests.cs(77,27): error CS7036: There is no argument given that corresponds to the required parameter 'Type' of 'CreateCustomerCommand.CreateCustomerCommand(string, string, string?, string?, string?, string?, CustomerClassification, CustomerType, CustomerSegment, decimal, string?)' [C:\CustomerManagement\backend\tests\CustomerManagement.Tests\CustomerManagement.Tests.csproj]
C:\CustomerManagement\backend\tests\CustomerManagement.Tests\Application\AddAddressHandlerTests.cs(56,27): error CS0234: The type or namespace name 'Entities' does not exist in the namespace 'CustomerManagement.Tests.Domain' (are you missing an assembly reference?) [C:\CustomerManagement\backend\tests\CustomerManagement.Tests\CustomerManagement.Tests.csproj]
C:\CustomerManagement\backend\tests\CustomerManagement.Tests\Application\AddAddressHandlerTests.cs(56,119): error CS0117: 'CustomerType' does not contain a definition for 'Corporate' [C:\CustomerManagement\backend\tests\CustomerManagement.Tests\CustomerManagement.Tests.csproj]
C:\CustomerManagement\backend\tests\CustomerManagement.Tests\Application\AddAddressHandlerTests.cs(60,27): error CS0234: The type or namespace name 'Entities' does not exist in the namespace 'CustomerManagement.Tests.Domain' (are you missing an assembly reference?) [C:\CustomerManagement\backend\tests\CustomerManagement.Tests\CustomerManagement.Tests.csproj]
C:\CustomerManagement\backend\tests\CustomerManagement.Tests\Application\DeleteCustomerHandlerTests.cs(44,24): error CS0234: The type or namespace name 'Entities' does not exist in the namespace 'CustomerManagement.Tests.Domain' (are you missing an assembly reference?) [C:\CustomerManagement\backend\tests\CustomerManagement.Tests\CustomerManagement.Tests.csproj]
C:\CustomerManagement\backend\tests\CustomerManagement.Tests\Application\DeleteCustomerHandlerTests.cs(44,116): error CS0117: 'CustomerType' does not contain a definition for 'Corporate' [C:\CustomerManagement\backend\tests\CustomerManagement.Tests\CustomerManagement.Tests.csproj]
    0 Warning(s)
    85 Error(s)

Time Elapsed 00:00:02.38
